

================================================================
== Vitis HLS Report for 'bfs'
================================================================
* Date:           Fri Apr  4 02:04:14 2025

* Version:        2022.2.2 (Build 3779808 on Feb 17 2023)
* Project:        hls_prj
* Solution:       solution (Vivado IP Flow Target)
* Product family: virtexuplus
* Target device:  xcu55c-fsvh2892-2L-e


================================================================
== Performance Estimates
================================================================
+ Timing: 
    * Summary: 
    +--------+---------+----------+------------+
    |  Clock |  Target | Estimated| Uncertainty|
    +--------+---------+----------+------------+
    |ap_clk  |  5.00 ns|  2.575 ns|     1.35 ns|
    +--------+---------+----------+------------+

+ Latency: 
    * Summary: 
    +---------+---------+----------+----------+-----+--------+---------+
    |  Latency (cycles) |  Latency (absolute) |   Interval   | Pipeline|
    |   min   |   max   |    min   |    max   | min |   max  |   Type  |
    +---------+---------+----------+----------+-----+--------+---------+
    |      482|   123137|  2.410 us|  0.616 ms|  483|  123138|       no|
    +---------+---------+----------+----------+-----+--------+---------+

    + Detail: 
        * Instance: 
        +----------------------------------------+-----------------------------+---------+---------+----------+----------+-----+-----+---------+
        |                                        |                             |  Latency (cycles) |  Latency (absolute) |  Interval | Pipeline|
        |                Instance                |            Module           |   min   |   max   |    min   |    max   | min | max |   Type  |
        +----------------------------------------+-----------------------------+---------+---------+----------+----------+-----+-----+---------+
        |grp_bfs_Pipeline_loop_neighbors_fu_154  |bfs_Pipeline_loop_neighbors  |      477|      477|  2.385 us|  2.385 us|  477|  477|       no|
        +----------------------------------------+-----------------------------+---------+---------+----------+----------+-----+-----+---------+

        * Loop: 
        +--------------+---------+---------+----------+-----------+-----------+---------+----------+
        |              |  Latency (cycles) | Iteration|  Initiation Interval  |   Trip  |          |
        |   Loop Name  |   min   |   max   |  Latency |  achieved |   target  |  Count  | Pipelined|
        +--------------+---------+---------+----------+-----------+-----------+---------+----------+
        |- loop_queue  |      481|   123136|       481|          -|          -|  1 ~ 256|        no|
        +--------------+---------+---------+----------+-----------+-----------+---------+----------+



================================================================
== Utilization Estimates
================================================================
* Summary: 
+---------------------+---------+------+---------+---------+-----+
|         Name        | BRAM_18K|  DSP |    FF   |   LUT   | URAM|
+---------------------+---------+------+---------+---------+-----+
|DSP                  |        -|     -|        -|        -|    -|
|Expression           |        -|     -|        0|      158|    -|
|FIFO                 |        -|     -|        -|        -|    -|
|Instance             |        -|     -|      118|      400|    -|
|Memory               |        0|     -|        8|       33|    0|
|Multiplexer          |        -|     -|        -|      232|    -|
|Register             |        -|     -|      223|        -|    -|
+---------------------+---------+------+---------+---------+-----+
|Total                |        0|     0|      349|      823|    0|
+---------------------+---------+------+---------+---------+-----+
|Available SLR        |     1344|  3008|   869120|   434560|  320|
+---------------------+---------+------+---------+---------+-----+
|Utilization SLR (%)  |        0|     0|       ~0|       ~0|    0|
+---------------------+---------+------+---------+---------+-----+
|Available            |     4032|  9024|  2607360|  1303680|  960|
+---------------------+---------+------+---------+---------+-----+
|Utilization (%)      |        0|     0|       ~0|       ~0|    0|
+---------------------+---------+------+---------+---------+-----+

+ Detail: 
    * Instance: 
    +----------------------------------------+-----------------------------+---------+----+-----+-----+-----+
    |                Instance                |            Module           | BRAM_18K| DSP|  FF | LUT | URAM|
    +----------------------------------------+-----------------------------+---------+----+-----+-----+-----+
    |grp_bfs_Pipeline_loop_neighbors_fu_154  |bfs_Pipeline_loop_neighbors  |        0|   0|  118|  400|    0|
    +----------------------------------------+-----------------------------+---------+----+-----+-----+-----+
    |Total                                   |                             |        0|   0|  118|  400|    0|
    +----------------------------------------+-----------------------------+---------+----+-----+-----+-----+

    * DSP: 
    N/A

    * Memory: 
    +---------+---------------------+---------+---+----+-----+------+-----+------+-------------+
    |  Memory |        Module       | BRAM_18K| FF| LUT| URAM| Words| Bits| Banks| W*Bits*Banks|
    +---------+---------------------+---------+---+----+-----+------+-----+------+-------------+
    |queue_U  |queue_RAM_AUTO_1R1W  |        0|  8|  33|    0|   256|    8|     1|         2048|
    +---------+---------------------+---------+---+----+-----+------+-----+------+-------------+
    |Total    |                     |        0|  8|  33|    0|   256|    8|     1|         2048|
    +---------+---------------------+---------+---+----+-----+------+-----+------+-------------+

    * FIFO: 
    N/A

    * Expression: 
    +-----------------------+----------+----+---+----+------------+------------+
    |     Variable Name     | Operation| DSP| FF| LUT| Bitwidth P0| Bitwidth P1|
    +-----------------------+----------+----+---+----+------------+------------+
    |add_ln33_fu_225_p2     |         +|   0|  0|  16|           9|           1|
    |dummy_2_fu_198_p2      |         +|   0|  0|  16|           9|           1|
    |q_out_1_fu_235_p2      |         +|   0|  0|  15|           8|           1|
    |and_ln33_fu_253_p2     |       and|   0|  0|   2|           1|           1|
    |icmp_ln32_fu_192_p2    |      icmp|   0|  0|  11|           9|          10|
    |icmp_ln33_1_fu_259_p2  |      icmp|   0|  0|  29|          64|          64|
    |icmp_ln33_2_fu_241_p2  |      icmp|   0|  0|  29|          64|           1|
    |icmp_ln33_3_fu_247_p2  |      icmp|   0|  0|  11|           8|           2|
    |icmp_ln33_fu_219_p2    |      icmp|   0|  0|  29|          64|          64|
    +-----------------------+----------+----+---+----+------------+------------+
    |Total                  |          |   0|  0| 158|         236|         145|
    +-----------------------+----------+----+---+----+------------+------------+

    * Multiplexer: 
    +-----------------------+----+-----------+-----+-----------+
    |          Name         | LUT| Input Size| Bits| Total Bits|
    +-----------------------+----+-----------+-----+-----------+
    |ap_NS_fsm              |  31|          6|    1|          6|
    |dummy_fu_76            |   9|          2|    9|         18|
    |level_address0         |  14|          3|    8|         24|
    |level_ce0              |  14|          3|    1|          3|
    |level_counts_address0  |  14|          3|    4|         12|
    |level_counts_ce0       |  14|          3|    1|          3|
    |level_counts_d0        |  14|          3|   64|        192|
    |level_counts_we0       |  14|          3|    1|          3|
    |level_d0               |  14|          3|    8|         24|
    |level_we0              |  14|          3|    1|          3|
    |q_in_fu_68             |   9|          2|   64|        128|
    |q_out_fu_72            |   9|          2|    8|         16|
    |queue_address0         |  20|          4|    8|         32|
    |queue_ce0              |  14|          3|    1|          3|
    |queue_d0               |  14|          3|    8|         24|
    |queue_we0              |  14|          3|    1|          3|
    +-----------------------+----+-----------+-----+-----------+
    |Total                  | 232|         49|  188|        494|
    +-----------------------+----+-----------+-----+-----------+

    * Register: 
    +-----------------------------------------------------+----+----+-----+-----------+
    |                         Name                        | FF | LUT| Bits| Const Bits|
    +-----------------------------------------------------+----+----+-----+-----------+
    |ap_CS_fsm                                            |   5|   0|    5|          0|
    |dummy_fu_76                                          |   9|   0|    9|          0|
    |e_reg_344                                            |  64|   0|   64|          0|
    |grp_bfs_Pipeline_loop_neighbors_fu_154_ap_start_reg  |   1|   0|    1|          0|
    |n_reg_334                                            |   8|   0|    8|          0|
    |q_in_fu_68                                           |  64|   0|   64|          0|
    |q_out_fu_72                                          |   8|   0|    8|          0|
    |tmp_end_reg_349                                      |  64|   0|   64|          0|
    +-----------------------------------------------------+----+----+-----+-----------+
    |Total                                                | 223|   0|  223|          0|
    +-----------------------------------------------------+----+----+-----+-----------+



================================================================
== Interface
================================================================
* Summary: 
+-----------------------+-----+-----+------------+---------------+--------------+
|       RTL Ports       | Dir | Bits|  Protocol  | Source Object |    C Type    |
+-----------------------+-----+-----+------------+---------------+--------------+
|ap_clk                 |   in|    1|  ap_ctrl_hs|            bfs|  return value|
|ap_rst                 |   in|    1|  ap_ctrl_hs|            bfs|  return value|
|ap_start               |   in|    1|  ap_ctrl_hs|            bfs|  return value|
|ap_done                |  out|    1|  ap_ctrl_hs|            bfs|  return value|
|ap_idle                |  out|    1|  ap_ctrl_hs|            bfs|  return value|
|ap_ready               |  out|    1|  ap_ctrl_hs|            bfs|  return value|
|nodes_address0         |  out|    8|   ap_memory|          nodes|         array|
|nodes_ce0              |  out|    1|   ap_memory|          nodes|         array|
|nodes_q0               |   in|  128|   ap_memory|          nodes|         array|
|edges_address0         |  out|   12|   ap_memory|          edges|         array|
|edges_ce0              |  out|    1|   ap_memory|          edges|         array|
|edges_q0               |   in|   64|   ap_memory|          edges|         array|
|starting_node          |   in|   64|     ap_none|  starting_node|        scalar|
|level_address0         |  out|    8|   ap_memory|          level|         array|
|level_ce0              |  out|    1|   ap_memory|          level|         array|
|level_we0              |  out|    1|   ap_memory|          level|         array|
|level_d0               |  out|    8|   ap_memory|          level|         array|
|level_q0               |   in|    8|   ap_memory|          level|         array|
|level_counts_address0  |  out|    4|   ap_memory|   level_counts|         array|
|level_counts_ce0       |  out|    1|   ap_memory|   level_counts|         array|
|level_counts_we0       |  out|    1|   ap_memory|   level_counts|         array|
|level_counts_d0        |  out|   64|   ap_memory|   level_counts|         array|
|level_counts_q0        |   in|   64|   ap_memory|   level_counts|         array|
+-----------------------+-----+-----+------------+---------------+--------------+

