

================================================================
== Vitis HLS Report for 'sin_or_cos_double_s'
================================================================
* Date:           Fri Apr  4 06:19:26 2025

* Version:        2022.2.2 (Build 3779808 on Feb 17 2023)
* Project:        dft
* Solution:       solution1 (Vivado IP Flow Target)
* Product family: virtexuplus
* Target device:  xcu55c-fsvh2892-2L-e


================================================================
== Performance Estimates
================================================================
+ Timing: 
    * Summary: 
    +--------+---------+----------+------------+
    |  Clock |  Target | Estimated| Uncertainty|
    +--------+---------+----------+------------+
    |ap_clk  |  5.00 ns|  3.618 ns|     1.35 ns|
    +--------+---------+----------+------------+

+ Latency: 
    * Summary: 
    +---------+---------+-----------+-----------+-----+-----+---------+
    |  Latency (cycles) |   Latency (absolute)  |  Interval | Pipeline|
    |   min   |   max   |    min    |    max    | min | max |   Type  |
    +---------+---------+-----------+-----------+-----+-----+---------+
    |       15|       15|  75.000 ns|  75.000 ns|    1|    1|      yes|
    +---------+---------+-----------+-----------+-----+-----+---------+

    + Detail: 
        * Instance: 
        N/A

        * Loop: 
        N/A



================================================================
== Utilization Estimates
================================================================
* Summary: 
+---------------------+---------+------+---------+---------+-----+
|         Name        | BRAM_18K|  DSP |    FF   |   LUT   | URAM|
+---------------------+---------+------+---------+---------+-----+
|DSP                  |        -|     -|        -|        -|    -|
|Expression           |        -|     -|        0|     3946|    -|
|FIFO                 |        -|     -|        -|        -|    -|
|Instance             |        -|    86|     1438|     1141|    -|
|Memory               |        0|     -|      544|     1414|    -|
|Multiplexer          |        -|     -|        -|        -|    -|
|Register             |        -|     -|     2796|      480|    -|
+---------------------+---------+------+---------+---------+-----+
|Total                |        0|    86|     4778|     6981|    0|
+---------------------+---------+------+---------+---------+-----+
|Available SLR        |     1344|  3008|   869120|   434560|  320|
+---------------------+---------+------+---------+---------+-----+
|Utilization SLR (%)  |        0|     2|       ~0|        1|    0|
+---------------------+---------+------+---------+---------+-----+
|Available            |     4032|  9024|  2607360|  1303680|  960|
+---------------------+---------+------+---------+---------+-----+
|Utilization (%)      |        0|    ~0|       ~0|       ~0|    0|
+---------------------+---------+------+---------+---------+-----+

+ Detail: 
    * Instance: 
    +--------------------------+-----------------------+---------+----+-----+-----+-----+
    |         Instance         |         Module        | BRAM_18K| DSP|  FF | LUT | URAM|
    +--------------------------+-----------------------+---------+----+-----+-----+-----+
    |mul_170s_53ns_170_2_1_U1  |mul_170s_53ns_170_2_1  |        0|  27|  361|  178|    0|
    |mul_35ns_25ns_60_1_1_U11  |mul_35ns_25ns_60_1_1   |        0|   2|    0|   23|    0|
    |mul_42ns_33ns_75_1_1_U10  |mul_42ns_33ns_75_1_1   |        0|   4|    0|   22|    0|
    |mul_49ns_44s_93_2_1_U9    |mul_49ns_44s_93_2_1    |        0|   5|  135|   87|    0|
    |mul_49ns_49ns_98_2_1_U2   |mul_49ns_49ns_98_2_1   |        0|   8|  135|   87|    0|
    |mul_49ns_49ns_98_2_1_U6   |mul_49ns_49ns_98_2_1   |        0|   8|  135|   87|    0|
    |mul_49ns_49ns_98_2_1_U7   |mul_49ns_49ns_98_2_1   |        0|   8|  135|   87|    0|
    |mul_56ns_52s_108_2_1_U8   |mul_56ns_52s_108_2_1   |        0|   9|  176|  219|    0|
    |mul_64s_63ns_126_2_1_U12  |mul_64s_63ns_126_2_1   |        0|  15|  361|  178|    0|
    |mux_164_1_1_1_U4          |mux_164_1_1_1          |        0|   0|    0|   65|    0|
    |mux_164_1_1_1_U5          |mux_164_1_1_1          |        0|   0|    0|   65|    0|
    |mux_83_1_1_1_U3           |mux_83_1_1_1           |        0|   0|    0|   43|    0|
    +--------------------------+-----------------------+---------+----+-----+-----+-----+
    |Total                     |                       |        0|  86| 1438| 1141|    0|
    +--------------------------+-----------------------+---------+----+-----+-----+-----+

    * DSP: 
    N/A

    * Memory: 
    +------------------------------------+-----------------------------------------------------------------------+---------+-----+-----+-----+------+-----+------+-------------+
    |               Memory               |                                 Module                                | BRAM_18K|  FF | LUT | URAM| Words| Bits| Banks| W*Bits*Banks|
    +------------------------------------+-----------------------------------------------------------------------+---------+-----+-----+-----+------+-----+------+-------------+
    |fourth_order_double_sin_cos_K0_V_U  |sin_or_cos_double_s_fourth_order_double_sin_cos_K0_V_ROM_1P_LUTRAM_1R  |        0|   64|  257|    0|   256|   59|     1|        15104|
    |fourth_order_double_sin_cos_K1_V_U  |sin_or_cos_double_s_fourth_order_double_sin_cos_K1_V_ROM_1P_LUTRAM_1R  |        0|   64|  257|    0|   256|   52|     1|        13312|
    |fourth_order_double_sin_cos_K2_V_U  |sin_or_cos_double_s_fourth_order_double_sin_cos_K2_V_ROM_1P_LUTRAM_1R  |        0|   64|  257|    0|   256|   44|     1|        11264|
    |fourth_order_double_sin_cos_K3_V_U  |sin_or_cos_double_s_fourth_order_double_sin_cos_K3_V_ROM_1P_LUTRAM_1R  |        0|   64|  257|    0|   256|   33|     1|         8448|
    |fourth_order_double_sin_cos_K4_V_U  |sin_or_cos_double_s_fourth_order_double_sin_cos_K4_V_ROM_1P_LUTRAM_1R  |        0|   32|  129|    0|   256|   25|     1|         6400|
    |ref_4oPi_table_256_V_U              |sin_or_cos_double_s_ref_4oPi_table_256_V_ROM_AUTO_1R                   |        0|  256|  257|    0|    10|  256|     1|         2560|
    +------------------------------------+-----------------------------------------------------------------------+---------+-----+-----+-----+------+-----+------+-------------+
    |Total                               |                                                                       |        0|  544| 1414|    0|  1290|  469|     6|        57088|
    +------------------------------------+-----------------------------------------------------------------------+---------+-----+-----+-----+------+-----+------+-------------+

    * FIFO: 
    N/A

    * Expression: 
    +----------------------------+----------+----+---+-----+------------+------------+
    |        Variable Name       | Operation| DSP| FF| LUT | Bitwidth P0| Bitwidth P1|
    +----------------------------+----------+----+---+-----+------------+------------+
    |Ex_V_fu_434_p2              |         +|   0|  0|   18|          11|          11|
    |add_ln214_fu_340_p2         |         +|   0|  0|   18|          11|          11|
    |add_ln451_1_fu_1228_p2      |         +|   0|  0|   39|          32|          32|
    |add_ln451_2_fu_1240_p2      |         +|   0|  0|   39|          32|          32|
    |add_ln451_fu_1206_p2        |         +|   0|  0|   39|          32|           5|
    |add_ln461_fu_1300_p2        |         +|   0|  0|   19|          12|          10|
    |ret_V_6_fu_971_p2           |         +|   0|  0|   64|          64|          64|
    |ret_V_7_fu_980_p2           |         +|   0|  0|   64|          64|          64|
    |ret_V_8_fu_1005_p2          |         +|   0|  0|   64|          64|          64|
    |ret_V_fu_1013_p2            |         +|   0|  0|   64|          64|          64|
    |Ex_V_3_fu_558_p2            |         -|   0|  0|   18|          11|          11|
    |Mx_bits_V_1_fu_470_p2       |         -|   0|  0|  131|           1|         124|
    |newexp_fu_1331_p2           |         -|   0|  0|   39|          32|          32|
    |sub_ln1512_fu_585_p2        |         -|   0|  0|   19|           1|          12|
    |and_ln300_1_fu_1466_p2      |       and|   0|  0|    2|           1|           1|
    |and_ln300_fu_810_p2         |       and|   0|  0|    2|           1|           1|
    |and_ln453_1_fu_1258_p2      |       and|   0|  0|    2|           1|           1|
    |and_ln453_2_fu_1264_p2      |       and|   0|  0|    2|           1|           1|
    |and_ln453_fu_1252_p2        |       and|   0|  0|    2|           1|           1|
    |p_Result_s_fu_464_p2        |       and|   0|  0|    2|           1|           1|
    |results_sign_V_2_fu_819_p2  |       and|   0|  0|    2|           1|           1|
    |results_sign_V_3_fu_829_p2  |       and|   0|  0|    2|           1|           1|
    |closepath_fu_330_p2         |      icmp|   0|  0|   11|          11|          10|
    |icmp_ln1019_1_fu_373_p2     |      icmp|   0|  0|   24|          52|           1|
    |icmp_ln1019_2_fu_577_p2     |      icmp|   0|  0|   11|          11|           2|
    |icmp_ln1019_fu_572_p2       |      icmp|   0|  0|   11|          11|           1|
    |icmp_ln1653_fu_1306_p2      |      icmp|   0|  0|   28|          63|           1|
    |icmp_ln453_1_fu_1222_p2     |      icmp|   0|  0|   20|          32|           5|
    |icmp_ln453_2_fu_1234_p2     |      icmp|   0|  0|   20|          32|           5|
    |icmp_ln453_fu_1200_p2       |      icmp|   0|  0|   20|          32|           5|
    |r_V_fu_606_p2               |      lshr|   0|  0|  179|          63|          63|
    |or_ln300_fu_1484_p2         |        or|   0|  0|    2|           1|           1|
    |or_ln311_fu_1446_p2         |        or|   0|  0|    2|           1|           1|
    |or_ln453_fu_1278_p2         |        or|   0|  0|    2|           1|           1|
    |or_ln462_1_fu_1349_p2       |        or|   0|  0|    2|           1|           1|
    |or_ln462_2_fu_1354_p2       |        or|   0|  0|    2|           1|           1|
    |or_ln462_fu_1344_p2         |        or|   0|  0|    2|           1|           1|
    |Ex_V_4_fu_1102_p3           |    select|   0|  0|   11|           1|           1|
    |Mx_V_2_fu_996_p3            |    select|   0|  0|   62|           1|           2|
    |Mx_bits_V_3_fu_475_p3       |    select|   0|  0|  119|           1|         124|
    |addr_fu_346_p3              |    select|   0|  0|   11|           1|           7|
    |cos_basis_fu_683_p3         |    select|   0|  0|    2|           1|           1|
    |k_V_1_fu_453_p3             |    select|   0|  0|    3|           1|           1|
    |r_V_16_fu_616_p3            |    select|   0|  0|   62|           1|          63|
    |results_exp_V_1_fu_1451_p3  |    select|   0|  0|   11|           1|          11|
    |results_exp_V_fu_1459_p3    |    select|   0|  0|   11|           1|          11|
    |results_sig_V_fu_1488_p3    |    select|   0|  0|   52|           1|          52|
    |results_sign_V_4_fu_835_p3  |    select|   0|  0|    2|           1|           1|
    |results_sign_V_fu_802_p3    |    select|   0|  0|    2|           1|           1|
    |select_ln288_fu_1432_p3     |    select|   0|  0|   10|           1|          10|
    |select_ln300_fu_1476_p3     |    select|   0|  0|    2|           1|           2|
    |select_ln311_fu_1439_p3     |    select|   0|  0|    2|           1|           2|
    |select_ln453_1_fu_1284_p3   |    select|   0|  0|   32|           1|          32|
    |select_ln453_2_fu_1292_p3   |    select|   0|  0|   32|           1|          32|
    |select_ln453_fu_1270_p3     |    select|   0|  0|   32|           1|          32|
    |select_ln462_1_fu_1396_p3   |    select|   0|  0|   52|           1|          52|
    |select_ln462_2_fu_1403_p3   |    select|   0|  0|   52|           1|          52|
    |select_ln462_fu_1369_p3     |    select|   0|  0|   52|           1|           1|
    |select_ln482_fu_439_p3      |    select|   0|  0|   11|           1|          11|
    |significand_fu_1420_p3      |    select|   0|  0|   52|           1|          52|
    |sin_basis_fu_700_p3         |    select|   0|  0|    2|           1|           1|
    |ush_fu_591_p3               |    select|   0|  0|   12|           1|          12|
    |r_V_15_fu_382_p2            |       shl|   0|  0|  950|         256|         256|
    |r_V_2_fu_611_p2             |       shl|   0|  0|  179|          63|          63|
    |r_fu_542_p2                 |       shl|   0|  0|  409|         124|         124|
    |shl_ln1454_1_fu_1216_p2     |       shl|   0|  0|  179|          63|          63|
    |shl_ln1454_2_fu_1314_p2     |       shl|   0|  0|  179|          63|          63|
    |shl_ln1454_3_fu_1322_p2     |       shl|   0|  0|  179|          63|          63|
    |shl_ln1454_fu_1195_p2       |       shl|   0|  0|  179|          63|          63|
    |ap_enable_pp0               |       xor|   0|  0|    2|           1|           2|
    |xor_ln1027_fu_459_p2        |       xor|   0|  0|    2|           1|           2|
    |xor_ln271_fu_677_p2         |       xor|   0|  0|    2|           1|           2|
    |xor_ln300_fu_1470_p2        |       xor|   0|  0|    2|           2|           1|
    |xor_ln307_fu_814_p2         |       xor|   0|  0|    2|           1|           2|
    |xor_ln311_fu_824_p2         |       xor|   0|  0|    2|           1|           2|
    |xor_ln453_fu_1246_p2        |       xor|   0|  0|    2|           1|           2|
    +----------------------------+----------+----+---+-----+------------+------------+
    |Total                       |          |   0|  0| 3946|        1480|        1917|
    +----------------------------+----------+----+---+-----+------------+------------+

    * Multiplexer: 
    N/A

    * Register: 
    +------------------------------------------------+-----+----+-----+-----------+
    |                      Name                      |  FF | LUT| Bits| Const Bits|
    +------------------------------------------------+-----+----+-----+-----------+
    |B_V_reg_1628                                    |   56|   0|   56|          0|
    |B_squared_V_reg_1651                            |   49|   0|   49|          0|
    |B_trunc_reg_1633                                |   49|   0|   49|          0|
    |Ex_V_3_reg_1597                                 |   11|   0|   11|          0|
    |Med_V_reg_1558                                  |  170|   0|  170|          0|
    |Mx_V_2_reg_1777                                 |   63|   0|   63|          0|
    |Mx_V_reg_1590                                   |   63|   0|   63|          0|
    |Mx_bits_V_reg_1573                              |  124|   0|  124|          0|
    |add_ln461_reg_1864                              |   12|   0|   12|          0|
    |and_ln300_reg_1674                              |    1|   0|    1|          0|
    |and_ln453_2_reg_1854                            |    1|   0|    1|          0|
    |and_ln453_reg_1849                              |    1|   0|    1|          0|
    |ap_CS_fsm                                       |    1|   0|    1|          0|
    |ap_enable_reg_pp0_iter1                         |    1|   0|    1|          0|
    |ap_enable_reg_pp0_iter10                        |    1|   0|    1|          0|
    |ap_enable_reg_pp0_iter11                        |    1|   0|    1|          0|
    |ap_enable_reg_pp0_iter12                        |    1|   0|    1|          0|
    |ap_enable_reg_pp0_iter13                        |    1|   0|    1|          0|
    |ap_enable_reg_pp0_iter14                        |    1|   0|    1|          0|
    |ap_enable_reg_pp0_iter15                        |    1|   0|    1|          0|
    |ap_enable_reg_pp0_iter2                         |    1|   0|    1|          0|
    |ap_enable_reg_pp0_iter3                         |    1|   0|    1|          0|
    |ap_enable_reg_pp0_iter4                         |    1|   0|    1|          0|
    |ap_enable_reg_pp0_iter5                         |    1|   0|    1|          0|
    |ap_enable_reg_pp0_iter6                         |    1|   0|    1|          0|
    |ap_enable_reg_pp0_iter7                         |    1|   0|    1|          0|
    |ap_enable_reg_pp0_iter8                         |    1|   0|    1|          0|
    |ap_enable_reg_pp0_iter9                         |    1|   0|    1|          0|
    |closepath_reg_1530                              |    1|   0|    1|          0|
    |cos_basis_reg_1645                              |    1|   0|    1|          0|
    |din_exp_V_reg_1523                              |   11|   0|   11|          0|
    |do_cos_read_reg_1509                            |    1|   0|    1|          0|
    |fourth_order_double_sin_cos_K0_V_load_reg_1727  |   59|   0|   59|          0|
    |fourth_order_double_sin_cos_K3_V_load_reg_1747  |   33|   0|   33|          0|
    |fourth_order_double_sin_cos_K4_V_load_reg_1757  |   25|   0|   25|          0|
    |icmp_ln1019_1_reg_1552                          |    1|   0|    1|          0|
    |icmp_ln1019_2_reg_1615                          |    1|   0|    1|          0|
    |icmp_ln1019_reg_1609                            |    1|   0|    1|          0|
    |icmp_ln1653_reg_1869                            |    1|   0|    1|          0|
    |icmp_ln453_reg_1838                             |    1|   0|    1|          0|
    |isNeg_reg_1603                                  |    1|   0|    1|          0|
    |k_V_1_reg_1584                                  |    3|   0|    3|          0|
    |k_V_reg_1579                                    |    3|   0|    3|          0|
    |p_Result_11_reg_1517                            |    1|   0|    1|          0|
    |p_Result_12_reg_1537                            |   52|   0|   52|          0|
    |p_Result_12_reg_1537_pp0_iter1_reg              |   52|   0|   52|          0|
    |result_V_reg_1797                               |   63|   0|   63|          0|
    |results_sign_V_4_reg_1680                       |    1|   0|    1|          0|
    |ret_V_5_reg_1568                                |  170|   0|  170|          0|
    |ret_V_7_reg_1767                                |   64|   0|   64|          0|
    |ret_V_reg_1782                                  |   64|   0|   64|          0|
    |rhs_1_reg_1732                                  |   56|   0|   56|          0|
    |rhs_2_reg_1737                                  |   48|   0|   48|          0|
    |rhs_4_reg_1762                                  |   29|   0|   29|          0|
    |select_ln453_2_reg_1859                         |   32|   0|   32|          0|
    |shl_ln1454_1_reg_1843                           |   63|   0|   63|          0|
    |shl_ln1454_reg_1833                             |   63|   0|   63|          0|
    |tmp_4_reg_1623                                  |    7|   0|    7|          0|
    |tmp_4_reg_1623_pp0_iter6_reg                    |    7|   0|    7|          0|
    |tmp_5_reg_1818                                  |   15|   0|   15|          0|
    |tmp_7_1_reg_1808                                |   16|   0|   16|          0|
    |tmp_7_2_reg_1813                                |   16|   0|   16|          0|
    |tmp_7_reg_1803                                  |   16|   0|   16|          0|
    |tmp_8_2_reg_1823                                |   32|   0|   32|          0|
    |tmp_8_3_reg_1828                                |   32|   0|   32|          0|
    |trunc_ln1270_1_reg_1752                         |   35|   0|   35|          0|
    |trunc_ln1_reg_1742                              |   42|   0|   42|          0|
    |trunc_ln2_reg_1772                              |   37|   0|   37|          0|
    |trunc_ln628_reg_1547                            |    7|   0|    7|          0|
    |zext_ln1271_reg_1638                            |   49|   0|   98|         49|
    |zext_ln541_reg_1657                             |    8|   0|   64|         56|
    |B_V_reg_1628                                    |   64|  32|   56|          0|
    |Ex_V_3_reg_1597                                 |   64|  32|   11|          0|
    |Mx_V_reg_1590                                   |   64|  32|   63|          0|
    |and_ln300_reg_1674                              |   64|  32|    1|          0|
    |closepath_reg_1530                              |   64|  32|    1|          0|
    |cos_basis_reg_1645                              |   64|  32|    1|          0|
    |din_exp_V_reg_1523                              |   64|  32|   11|          0|
    |do_cos_read_reg_1509                            |   64|  32|    1|          0|
    |icmp_ln1019_1_reg_1552                          |   64|  32|    1|          0|
    |icmp_ln1019_2_reg_1615                          |   64|  32|    1|          0|
    |icmp_ln1019_reg_1609                            |   64|  32|    1|          0|
    |k_V_1_reg_1584                                  |   64|  32|    3|          0|
    |p_Result_11_reg_1517                            |   64|  32|    1|          0|
    |results_sign_V_4_reg_1680                       |   64|  32|    1|          0|
    |zext_ln1271_reg_1638                            |   64|  32|   98|         49|
    +------------------------------------------------+-----+----+-----+-----------+
    |Total                                           | 2796| 480| 2192|        154|
    +------------------------------------------------+-----+----+-----+-----------+



================================================================
== Interface
================================================================
* Summary: 
+-----------+-----+-----+------------+--------------------+--------------+
| RTL Ports | Dir | Bits|  Protocol  |    Source Object   |    C Type    |
+-----------+-----+-----+------------+--------------------+--------------+
|ap_clk     |   in|    1|  ap_ctrl_hs|  sin_or_cos<double>|  return value|
|ap_rst     |   in|    1|  ap_ctrl_hs|  sin_or_cos<double>|  return value|
|ap_start   |   in|    1|  ap_ctrl_hs|  sin_or_cos<double>|  return value|
|ap_done    |  out|    1|  ap_ctrl_hs|  sin_or_cos<double>|  return value|
|ap_idle    |  out|    1|  ap_ctrl_hs|  sin_or_cos<double>|  return value|
|ap_ready   |  out|    1|  ap_ctrl_hs|  sin_or_cos<double>|  return value|
|ap_ce      |   in|    1|  ap_ctrl_hs|  sin_or_cos<double>|  return value|
|ap_return  |  out|   64|  ap_ctrl_hs|  sin_or_cos<double>|  return value|
|t_in       |   in|   64|     ap_none|                t_in|        scalar|
|do_cos     |   in|    1|     ap_none|              do_cos|        scalar|
+-----------+-----+-----+------------+--------------------+--------------+

