

================================================================
== Synthesis Summary Report of 'correlation'
================================================================
+ General Information: 
    * Date:           Mon May  5 06:52:04 2025
    * Version:        2022.2.2 (Build 3779808 on Feb 17 2023)
    * Project:        correlation
    * Solution:       solution1 (Vivado IP Flow Target)
    * Product family: virtexuplus
    * Target device:  xcu55c-fsvh2892-2L-e
    

+ Performance & Resource Estimates: 
    
    PS: '+' for module; 'o' for loop; '*' for dataflow
    +---------------------------------------------------------+--------+-------+---------+-----------+----------+---------+------+----------+---------+----------+-------------+-------------+-----+
    |                         Modules                         |  Issue |       | Latency |  Latency  | Iteration|         | Trip |          |         |          |             |             |     |
    |                         & Loops                         |  Type  | Slack | (cycles)|    (ns)   |  Latency | Interval| Count| Pipelined|  BRAM   |    DSP   |      FF     |     LUT     | URAM|
    +---------------------------------------------------------+--------+-------+---------+-----------+----------+---------+------+----------+---------+----------+-------------+-------------+-----+
    |+ correlation                                            |  Timing|  -0.22|   385990|  1.930e+06|         -|   385991|     -|        no|  4 (~0%)|  22 (~0%)|   32100 (1%)|  12768 (~0%)|    -|
    | + correlation_Pipeline_1                                |       -|   1.85|       82|    410.000|         -|       82|     -|        no|        -|         -|      9 (~0%)|     51 (~0%)|    -|
    |  o Loop 1                                               |       -|   3.65|       80|    400.000|         1|        1|    80|       yes|        -|         -|            -|            -|    -|
    | + correlation_Pipeline_2                                |       -|   1.85|       82|    410.000|         -|       82|     -|        no|        -|         -|      9 (~0%)|     51 (~0%)|    -|
    |  o Loop 1                                               |       -|   3.65|       80|    400.000|         1|        1|    80|       yes|        -|         -|            -|            -|    -|
    | + correlation_Pipeline_VITIS_LOOP_11_1_VITIS_LOOP_12_2  |       -|   0.67|     8009|  4.004e+04|         -|     8009|     -|        no|        -|         -|    327 (~0%)|    224 (~0%)|    -|
    |  o VITIS_LOOP_11_1_VITIS_LOOP_12_2                      |       -|   3.65|     8007|  4.004e+04|         9|        1|  8000|       yes|        -|         -|            -|            -|    -|
    | + correlation_Pipeline_VITIS_LOOP_16_3                  |       -|   0.33|      105|    525.000|         -|      105|     -|        no|        -|         -|    255 (~0%)|     94 (~0%)|    -|
    |  o VITIS_LOOP_16_3                                      |       -|   3.65|      103|    515.000|        25|        1|    80|       yes|        -|         -|            -|            -|    -|
    | + correlation_Pipeline_VITIS_LOOP_21_4_VITIS_LOOP_22_5  |       -|   0.32|     8019|  4.010e+04|         -|     8019|     -|        no|        -|         -|    539 (~0%)|    224 (~0%)|    -|
    |  o VITIS_LOOP_21_4_VITIS_LOOP_22_5                      |       -|   3.65|     8017|  4.008e+04|        19|        1|  8000|       yes|        -|         -|            -|            -|    -|
    | + correlation_Pipeline_VITIS_LOOP_27_6                  |       -|   0.02|      123|    615.000|         -|      123|     -|        no|        -|         -|    419 (~0%)|    196 (~0%)|    -|
    |  o VITIS_LOOP_27_6                                      |       -|   3.65|      121|    605.000|        43|        1|    80|       yes|        -|         -|            -|            -|    -|
    | + correlation_Pipeline_VITIS_LOOP_34_7_VITIS_LOOP_35_8  |       -|   0.32|     8031|  4.016e+04|         -|     8031|     -|        no|        -|         -|    569 (~0%)|    224 (~0%)|    -|
    |  o VITIS_LOOP_34_7_VITIS_LOOP_35_8                      |       -|   3.65|     8029|  4.014e+04|        31|        1|  8000|       yes|        -|         -|            -|            -|    -|
    | + correlation_Pipeline_VITIS_LOOP_58_12                 |       -|   1.25|       82|    410.000|         -|       82|     -|        no|        -|         -|     17 (~0%)|     62 (~0%)|    -|
    |  o VITIS_LOOP_58_12                                     |       -|   3.65|       80|    400.000|         2|        1|    80|       yes|        -|         -|            -|            -|    -|
    | o VITIS_LOOP_41_9                                       |       -|   3.65|   361520|  1.808e+06|      4519|        -|    80|        no|        -|         -|            -|            -|    -|
    |  + correlation_Pipeline_VITIS_LOOP_42_10                |  Timing|  -0.22|     4464|  2.232e+04|         -|     4464|     -|        no|        -|   8 (~0%)|  14722 (~0%)|   7013 (~0%)|    -|
    |   o VITIS_LOOP_42_10                                    |      II|   3.65|     4462|  2.231e+04|       513|       50|    80|       yes|        -|         -|            -|            -|    -|
    +---------------------------------------------------------+--------+-------+---------+-----------+----------+---------+------+----------+---------+----------+-------------+-------------+-----+


================================================================
== HW Interfaces
================================================================
* AP_MEMORY
+-----------------+----------+
| Interface       | Bitwidth |
+-----------------+----------+
| corr_address0   | 13       |
| corr_d0         | 64       |
| data_address0   | 13       |
| data_address1   | 13       |
| data_d0         | 64       |
| data_q0         | 64       |
| data_q1         | 64       |
| mean_address0   | 7        |
| mean_d0         | 64       |
| stddev_address0 | 7        |
| stddev_d0       | 64       |
+-----------------+----------+

* Other Ports
+-----------+---------+----------+
| Interface | Mode    | Bitwidth |
+-----------+---------+----------+
| float_n   | ap_none | 64       |
+-----------+---------+----------+

* TOP LEVEL CONTROL
+-----------+------------+-----------------------------------+
| Interface | Type       | Ports                             |
+-----------+------------+-----------------------------------+
| ap_clk    | clock      | ap_clk                            |
| ap_rst    | reset      | ap_rst                            |
| ap_ctrl   | ap_ctrl_hs | ap_done ap_idle ap_ready ap_start |
+-----------+------------+-----------------------------------+


================================================================
== SW I/O Information
================================================================
* Top Function Arguments
+----------+-----------+----------+
| Argument | Direction | Datatype |
+----------+-----------+----------+
| float_n  | in        | double   |
| data     | inout     | double*  |
| corr     | out       | double*  |
| mean     | out       | double*  |
| stddev   | out       | double*  |
+----------+-----------+----------+

* SW-to-HW Mapping
+----------+-----------------+---------+----------+
| Argument | HW Interface    | HW Type | HW Usage |
+----------+-----------------+---------+----------+
| float_n  | float_n         | port    |          |
| data     | data_address0   | port    | offset   |
| data     | data_ce0        | port    |          |
| data     | data_we0        | port    |          |
| data     | data_d0         | port    |          |
| data     | data_q0         | port    |          |
| data     | data_address1   | port    | offset   |
| data     | data_ce1        | port    |          |
| data     | data_q1         | port    |          |
| corr     | corr_address0   | port    | offset   |
| corr     | corr_ce0        | port    |          |
| corr     | corr_we0        | port    |          |
| corr     | corr_d0         | port    |          |
| mean     | mean_address0   | port    | offset   |
| mean     | mean_ce0        | port    |          |
| mean     | mean_we0        | port    |          |
| mean     | mean_d0         | port    |          |
| stddev   | stddev_address0 | port    | offset   |
| stddev   | stddev_ce0      | port    |          |
| stddev   | stddev_we0      | port    |          |
| stddev   | stddev_d0       | port    |          |
+----------+-----------------+---------+----------+


================================================================
== Bind Op Report
================================================================
+---------------------------------------------------------+-----+--------+--------------+-------+--------+---------+
| Name                                                    | DSP | Pragma | Variable     | Op    | Impl   | Latency |
+---------------------------------------------------------+-----+--------+--------------+-------+--------+---------+
| + correlation                                           | 22  |        |              |       |        |         |
|   dsqrt_64ns_64ns_64_17_no_dsp_1_U142                   | -   |        | sqrt_float_n | dsqrt | fabric | 16      |
|   add_ln41_fu_1319_p2                                   | -   |        | add_ln41     | add   | fabric | 0       |
|   dadd_64ns_64ns_64_5_full_dsp_1_U145                   | -   |        | add_ln47     | add   | fabric | 0       |
|   add_ln48_fu_1351_p2                                   | -   |        | add_ln48     | add   | fabric | 0       |
|   add_ln49_fu_1356_p2                                   | -   |        | add_ln49     | add   | fabric | 0       |
|   add_ln46_fu_1370_p2                                   | -   |        | add_ln46     | add   | fabric | 0       |
|   add_ln47_1_fu_1375_p2                                 | -   |        | add_ln47_1   | add   | fabric | 0       |
|   add_ln48_1_fu_1395_p2                                 | -   |        | add_ln48_1   | add   | fabric | 0       |
|   add_ln49_1_fu_1401_p2                                 | -   |        | add_ln49_1   | add   | fabric | 0       |
|   add_ln47_2_fu_1415_p2                                 | -   |        | add_ln47_2   | add   | fabric | 0       |
|   add_ln48_2_fu_1436_p2                                 | -   |        | add_ln48_2   | add   | fabric | 0       |
|   add_ln49_2_fu_1441_p2                                 | -   |        | add_ln49_2   | add   | fabric | 0       |
|   add_ln46_1_fu_1465_p2                                 | -   |        | add_ln46_1   | add   | fabric | 0       |
|   add_ln47_3_fu_1471_p2                                 | -   |        | add_ln47_3   | add   | fabric | 0       |
|   add_ln48_3_fu_1485_p2                                 | -   |        | add_ln48_3   | add   | fabric | 0       |
|   add_ln49_3_fu_1490_p2                                 | -   |        | add_ln49_3   | add   | fabric | 0       |
|   add_ln47_4_fu_1503_p2                                 | -   |        | add_ln47_4   | add   | fabric | 0       |
|   add_ln48_4_fu_1524_p2                                 | -   |        | add_ln48_4   | add   | fabric | 0       |
|   add_ln49_4_fu_1529_p2                                 | -   |        | add_ln49_4   | add   | fabric | 0       |
|   add_ln46_2_fu_1542_p2                                 | -   |        | add_ln46_2   | add   | fabric | 0       |
|   add_ln47_5_fu_1547_p2                                 | -   |        | add_ln47_5   | add   | fabric | 0       |
|   add_ln48_5_fu_1568_p2                                 | -   |        | add_ln48_5   | add   | fabric | 0       |
|   add_ln49_5_fu_1573_p2                                 | -   |        | add_ln49_5   | add   | fabric | 0       |
|   add_ln47_6_fu_1597_p2                                 | -   |        | add_ln47_6   | add   | fabric | 0       |
|   add_ln48_6_fu_1623_p2                                 | -   |        | add_ln48_6   | add   | fabric | 0       |
|   add_ln49_6_fu_1628_p2                                 | -   |        | add_ln49_6   | add   | fabric | 0       |
|   add_ln46_3_fu_1641_p2                                 | -   |        | add_ln46_3   | add   | fabric | 0       |
|   add_ln47_7_fu_1646_p2                                 | -   |        | add_ln47_7   | add   | fabric | 0       |
|   add_ln48_7_fu_1659_p2                                 | -   |        | add_ln48_7   | add   | fabric | 0       |
|   add_ln49_7_fu_1664_p2                                 | -   |        | add_ln49_7   | add   | fabric | 0       |
|   add_ln47_8_fu_1677_p2                                 | -   |        | add_ln47_8   | add   | fabric | 0       |
|   add_ln48_8_fu_1698_p2                                 | -   |        | add_ln48_8   | add   | fabric | 0       |
|   add_ln49_8_fu_1703_p2                                 | -   |        | add_ln49_8   | add   | fabric | 0       |
|   add_ln46_4_fu_1716_p2                                 | -   |        | add_ln46_4   | add   | fabric | 0       |
|   add_ln47_9_fu_1721_p2                                 | -   |        | add_ln47_9   | add   | fabric | 0       |
|   add_ln48_9_fu_1734_p2                                 | -   |        | add_ln48_9   | add   | fabric | 0       |
|   add_ln49_9_fu_1739_p2                                 | -   |        | add_ln49_9   | add   | fabric | 0       |
|   add_ln47_10_fu_1756_p2                                | -   |        | add_ln47_10  | add   | fabric | 0       |
|   add_ln48_10_fu_1785_p2                                | -   |        | add_ln48_10  | add   | fabric | 0       |
|   add_ln49_10_fu_1790_p2                                | -   |        | add_ln49_10  | add   | fabric | 0       |
|   add_ln46_5_fu_1811_p2                                 | -   |        | add_ln46_5   | add   | fabric | 0       |
|   add_ln47_11_fu_1816_p2                                | -   |        | add_ln47_11  | add   | fabric | 0       |
|   add_ln48_11_fu_1837_p2                                | -   |        | add_ln48_11  | add   | fabric | 0       |
|   add_ln49_11_fu_1842_p2                                | -   |        | add_ln49_11  | add   | fabric | 0       |
|   add_ln47_12_fu_1863_p2                                | -   |        | add_ln47_12  | add   | fabric | 0       |
|   add_ln49_12_fu_1895_p2                                | -   |        | add_ln49_12  | add   | fabric | 0       |
|   add_ln46_6_fu_1913_p2                                 | -   |        | add_ln46_6   | add   | fabric | 0       |
|   add_ln47_13_fu_1918_p2                                | -   |        | add_ln47_13  | add   | fabric | 0       |
|   add_ln48_13_fu_1931_p2                                | -   |        | add_ln48_13  | add   | fabric | 0       |
|   add_ln49_13_fu_1936_p2                                | -   |        | add_ln49_13  | add   | fabric | 0       |
|   add_ln47_14_fu_1949_p2                                | -   |        | add_ln47_14  | add   | fabric | 0       |
|   add_ln48_14_fu_1970_p2                                | -   |        | add_ln48_14  | add   | fabric | 0       |
|   add_ln49_14_fu_1975_p2                                | -   |        | add_ln49_14  | add   | fabric | 0       |
|   add_ln46_7_fu_1988_p2                                 | -   |        | add_ln46_7   | add   | fabric | 0       |
|   add_ln47_15_fu_1993_p2                                | -   |        | add_ln47_15  | add   | fabric | 0       |
|   add_ln48_15_fu_2006_p2                                | -   |        | add_ln48_15  | add   | fabric | 0       |
|   add_ln49_15_fu_2011_p2                                | -   |        | add_ln49_15  | add   | fabric | 0       |
|   add_ln47_16_fu_2024_p2                                | -   |        | add_ln47_16  | add   | fabric | 0       |
|   add_ln48_16_fu_2045_p2                                | -   |        | add_ln48_16  | add   | fabric | 0       |
|   add_ln49_16_fu_2050_p2                                | -   |        | add_ln49_16  | add   | fabric | 0       |
|   add_ln46_8_fu_2063_p2                                 | -   |        | add_ln46_8   | add   | fabric | 0       |
|   add_ln47_17_fu_2068_p2                                | -   |        | add_ln47_17  | add   | fabric | 0       |
|   add_ln48_17_fu_2081_p2                                | -   |        | add_ln48_17  | add   | fabric | 0       |
|   add_ln49_17_fu_2086_p2                                | -   |        | add_ln49_17  | add   | fabric | 0       |
|   add_ln47_18_fu_2099_p2                                | -   |        | add_ln47_18  | add   | fabric | 0       |
|   add_ln48_18_fu_2120_p2                                | -   |        | add_ln48_18  | add   | fabric | 0       |
|   add_ln49_18_fu_2125_p2                                | -   |        | add_ln49_18  | add   | fabric | 0       |
|   add_ln46_9_fu_2138_p2                                 | -   |        | add_ln46_9   | add   | fabric | 0       |
|   add_ln47_19_fu_2143_p2                                | -   |        | add_ln47_19  | add   | fabric | 0       |
|   add_ln48_19_fu_2160_p2                                | -   |        | add_ln48_19  | add   | fabric | 0       |
|   add_ln49_19_fu_2165_p2                                | -   |        | add_ln49_19  | add   | fabric | 0       |
|   add_ln47_20_fu_2186_p2                                | -   |        | add_ln47_20  | add   | fabric | 0       |
|   add_ln48_20_fu_2215_p2                                | -   |        | add_ln48_20  | add   | fabric | 0       |
|   add_ln49_20_fu_2220_p2                                | -   |        | add_ln49_20  | add   | fabric | 0       |
|   add_ln46_10_fu_2241_p2                                | -   |        | add_ln46_10  | add   | fabric | 0       |
|   add_ln47_21_fu_2246_p2                                | -   |        | add_ln47_21  | add   | fabric | 0       |
|   add_ln48_21_fu_2267_p2                                | -   |        | add_ln48_21  | add   | fabric | 0       |
|   add_ln49_21_fu_2272_p2                                | -   |        | add_ln49_21  | add   | fabric | 0       |
|   add_ln47_22_fu_2293_p2                                | -   |        | add_ln47_22  | add   | fabric | 0       |
|   add_ln48_22_fu_2322_p2                                | -   |        | add_ln48_22  | add   | fabric | 0       |
|   add_ln49_22_fu_2327_p2                                | -   |        | add_ln49_22  | add   | fabric | 0       |
|   add_ln46_11_fu_2348_p2                                | -   |        | add_ln46_11  | add   | fabric | 0       |
|   add_ln47_23_fu_2353_p2                                | -   |        | add_ln47_23  | add   | fabric | 0       |
|   add_ln48_23_fu_2374_p2                                | -   |        | add_ln48_23  | add   | fabric | 0       |
|   add_ln49_23_fu_2379_p2                                | -   |        | add_ln49_23  | add   | fabric | 0       |
|   add_ln47_24_fu_2400_p2                                | -   |        | add_ln47_24  | add   | fabric | 0       |
|   add_ln48_24_fu_2429_p2                                | -   |        | add_ln48_24  | add   | fabric | 0       |
|   add_ln49_24_fu_2434_p2                                | -   |        | add_ln49_24  | add   | fabric | 0       |
|   add_ln51_fu_2473_p2                                   | -   |        | add_ln51     | add   | fabric | 0       |
|   add_ln54_fu_2479_p2                                   | -   |        | add_ln54     | add   | fabric | 0       |
|  + correlation_Pipeline_1                               | 0   |        |              |       |        |         |
|    empty_19_fu_58_p2                                    | -   |        | empty_19     | add   | fabric | 0       |
|  + correlation_Pipeline_2                               | 0   |        |              |       |        |         |
|    empty_17_fu_58_p2                                    | -   |        | empty_17     | add   | fabric | 0       |
|  + correlation_Pipeline_VITIS_LOOP_11_1_VITIS_LOOP_12_2 | 0   |        |              |       |        |         |
|    add_ln11_1_fu_122_p2                                 | -   |        | add_ln11_1   | add   | fabric | 0       |
|    add_ln11_fu_134_p2                                   | -   |        | add_ln11     | add   | fabric | 0       |
|    add_ln12_fu_198_p2                                   | -   |        | add_ln12     | add   | fabric | 0       |
|  + correlation_Pipeline_VITIS_LOOP_16_3                 | 0   |        |              |       |        |         |
|    add_ln16_fu_77_p2                                    | -   |        | add_ln16     | add   | fabric | 0       |
|  + correlation_Pipeline_VITIS_LOOP_21_4_VITIS_LOOP_22_5 | 0   |        |              |       |        |         |
|    add_ln21_1_fu_144_p2                                 | -   |        | add_ln21_1   | add   | fabric | 0       |
|    add_ln21_fu_156_p2                                   | -   |        | add_ln21     | add   | fabric | 0       |
|    add_ln22_fu_220_p2                                   | -   |        | add_ln22     | add   | fabric | 0       |
|  + correlation_Pipeline_VITIS_LOOP_27_6                 | 0   |        |              |       |        |         |
|    add_ln27_fu_103_p2                                   | -   |        | add_ln27     | add   | fabric | 0       |
|    dsqrt_64ns_64ns_64_17_no_dsp_1_U17                   | -   |        | tmp          | dsqrt | fabric | 16      |
|  + correlation_Pipeline_VITIS_LOOP_34_7_VITIS_LOOP_35_8 | 0   |        |              |       |        |         |
|    add_ln34_1_fu_155_p2                                 | -   |        | add_ln34_1   | add   | fabric | 0       |
|    add_ln34_fu_167_p2                                   | -   |        | add_ln34     | add   | fabric | 0       |
|    add_ln35_fu_231_p2                                   | -   |        | add_ln35     | add   | fabric | 0       |
|  + correlation_Pipeline_VITIS_LOOP_58_12                | 0   |        |              |       |        |         |
|    add_ln58_fu_110_p2                                   | -   |        | add_ln58     | add   | fabric | 0       |
|  + correlation_Pipeline_VITIS_LOOP_42_10                | 8   |        |              |       |        |         |
|    add_ln47_fu_2024_p2                                  | -   |        | add_ln47     | add   | fabric | 0       |
|    add_ln48_fu_2030_p2                                  | -   |        | add_ln48     | add   | fabric | 0       |
|    add_ln49_fu_2044_p2                                  | -   |        | add_ln49     | add   | fabric | 0       |
|    add_ln46_fu_2049_p2                                  | -   |        | add_ln46     | add   | fabric | 0       |
|    add_ln47_1_fu_2062_p2                                | -   |        | add_ln47_1   | add   | fabric | 0       |
|    add_ln48_1_fu_2067_p2                                | -   |        | add_ln48_1   | add   | fabric | 0       |
|    add_ln49_1_fu_2085_p2                                | -   |        | add_ln49_1   | add   | fabric | 0       |
|    add_ln46_1_fu_2090_p2                                | -   |        | add_ln46_1   | add   | fabric | 0       |
|    add_ln47_2_fu_2113_p2                                | -   |        | add_ln47_2   | add   | fabric | 0       |
|    add_ln48_2_fu_2118_p2                                | -   |        | add_ln48_2   | add   | fabric | 0       |
|    add_ln49_2_fu_2141_p2                                | -   |        | add_ln49_2   | add   | fabric | 0       |
|    add_ln46_2_fu_2146_p2                                | -   |        | add_ln46_2   | add   | fabric | 0       |
|    add_ln47_3_fu_2169_p2                                | -   |        | add_ln47_3   | add   | fabric | 0       |
|    add_ln48_3_fu_2174_p2                                | -   |        | add_ln48_3   | add   | fabric | 0       |
|    add_ln49_3_fu_2197_p2                                | -   |        | add_ln49_3   | add   | fabric | 0       |
|    add_ln46_3_fu_2202_p2                                | -   |        | add_ln46_3   | add   | fabric | 0       |
|    add_ln47_4_fu_2225_p2                                | -   |        | add_ln47_4   | add   | fabric | 0       |
|    add_ln48_4_fu_2230_p2                                | -   |        | add_ln48_4   | add   | fabric | 0       |
|    add_ln49_4_fu_2253_p2                                | -   |        | add_ln49_4   | add   | fabric | 0       |
|    add_ln46_4_fu_2258_p2                                | -   |        | add_ln46_4   | add   | fabric | 0       |
|    add_ln47_5_fu_2281_p2                                | -   |        | add_ln47_5   | add   | fabric | 0       |
|    add_ln48_5_fu_2286_p2                                | -   |        | add_ln48_5   | add   | fabric | 0       |
|    add_ln49_5_fu_2309_p2                                | -   |        | add_ln49_5   | add   | fabric | 0       |
|    add_ln46_5_fu_2314_p2                                | -   |        | add_ln46_5   | add   | fabric | 0       |
|    add_ln47_6_fu_2337_p2                                | -   |        | add_ln47_6   | add   | fabric | 0       |
|    add_ln48_6_fu_2342_p2                                | -   |        | add_ln48_6   | add   | fabric | 0       |
|    add_ln49_6_fu_2365_p2                                | -   |        | add_ln49_6   | add   | fabric | 0       |
|    add_ln46_6_fu_2370_p2                                | -   |        | add_ln46_6   | add   | fabric | 0       |
|    add_ln47_7_fu_2393_p2                                | -   |        | add_ln47_7   | add   | fabric | 0       |
|    add_ln48_7_fu_2398_p2                                | -   |        | add_ln48_7   | add   | fabric | 0       |
|    add_ln49_7_fu_2421_p2                                | -   |        | add_ln49_7   | add   | fabric | 0       |
|    add_ln46_7_fu_2426_p2                                | -   |        | add_ln46_7   | add   | fabric | 0       |
|    add_ln47_8_fu_2449_p2                                | -   |        | add_ln47_8   | add   | fabric | 0       |
|    add_ln48_8_fu_2454_p2                                | -   |        | add_ln48_8   | add   | fabric | 0       |
|    add_ln49_8_fu_2477_p2                                | -   |        | add_ln49_8   | add   | fabric | 0       |
|    add_ln46_8_fu_2482_p2                                | -   |        | add_ln46_8   | add   | fabric | 0       |
|    add_ln47_9_fu_2505_p2                                | -   |        | add_ln47_9   | add   | fabric | 0       |
|    add_ln48_9_fu_2510_p2                                | -   |        | add_ln48_9   | add   | fabric | 0       |
|    add_ln49_9_fu_2533_p2                                | -   |        | add_ln49_9   | add   | fabric | 0       |
|    add_ln46_9_fu_2538_p2                                | -   |        | add_ln46_9   | add   | fabric | 0       |
|    add_ln47_10_fu_2561_p2                               | -   |        | add_ln47_10  | add   | fabric | 0       |
|    add_ln48_10_fu_2566_p2                               | -   |        | add_ln48_10  | add   | fabric | 0       |
|    add_ln49_10_fu_2589_p2                               | -   |        | add_ln49_10  | add   | fabric | 0       |
|    add_ln46_10_fu_2594_p2                               | -   |        | add_ln46_10  | add   | fabric | 0       |
|    add_ln47_11_fu_2617_p2                               | -   |        | add_ln47_11  | add   | fabric | 0       |
|    add_ln48_11_fu_2622_p2                               | -   |        | add_ln48_11  | add   | fabric | 0       |
|    add_ln49_11_fu_2645_p2                               | -   |        | add_ln49_11  | add   | fabric | 0       |
|    add_ln46_11_fu_2650_p2                               | -   |        | add_ln46_11  | add   | fabric | 0       |
|    add_ln47_12_fu_2673_p2                               | -   |        | add_ln47_12  | add   | fabric | 0       |
|    add_ln48_12_fu_2678_p2                               | -   |        | add_ln48_12  | add   | fabric | 0       |
|    add_ln49_12_fu_2701_p2                               | -   |        | add_ln49_12  | add   | fabric | 0       |
|    add_ln46_12_fu_2706_p2                               | -   |        | add_ln46_12  | add   | fabric | 0       |
|    add_ln47_13_fu_2729_p2                               | -   |        | add_ln47_13  | add   | fabric | 0       |
|    add_ln48_13_fu_2734_p2                               | -   |        | add_ln48_13  | add   | fabric | 0       |
|    add_ln49_13_fu_2757_p2                               | -   |        | add_ln49_13  | add   | fabric | 0       |
|    add_ln46_13_fu_2762_p2                               | -   |        | add_ln46_13  | add   | fabric | 0       |
|    add_ln47_14_fu_2785_p2                               | -   |        | add_ln47_14  | add   | fabric | 0       |
|    add_ln48_14_fu_2790_p2                               | -   |        | add_ln48_14  | add   | fabric | 0       |
|    add_ln49_14_fu_2813_p2                               | -   |        | add_ln49_14  | add   | fabric | 0       |
|    add_ln46_14_fu_2818_p2                               | -   |        | add_ln46_14  | add   | fabric | 0       |
|    add_ln47_15_fu_2841_p2                               | -   |        | add_ln47_15  | add   | fabric | 0       |
|    add_ln48_15_fu_2846_p2                               | -   |        | add_ln48_15  | add   | fabric | 0       |
|    add_ln49_15_fu_2869_p2                               | -   |        | add_ln49_15  | add   | fabric | 0       |
|    add_ln46_15_fu_2874_p2                               | -   |        | add_ln46_15  | add   | fabric | 0       |
|    add_ln47_16_fu_2897_p2                               | -   |        | add_ln47_16  | add   | fabric | 0       |
|    add_ln48_16_fu_2902_p2                               | -   |        | add_ln48_16  | add   | fabric | 0       |
|    add_ln49_16_fu_2925_p2                               | -   |        | add_ln49_16  | add   | fabric | 0       |
|    add_ln46_16_fu_2930_p2                               | -   |        | add_ln46_16  | add   | fabric | 0       |
|    add_ln47_17_fu_2953_p2                               | -   |        | add_ln47_17  | add   | fabric | 0       |
|    add_ln48_17_fu_2958_p2                               | -   |        | add_ln48_17  | add   | fabric | 0       |
|    add_ln49_17_fu_2981_p2                               | -   |        | add_ln49_17  | add   | fabric | 0       |
|    add_ln46_17_fu_2986_p2                               | -   |        | add_ln46_17  | add   | fabric | 0       |
|    add_ln47_18_fu_3009_p2                               | -   |        | add_ln47_18  | add   | fabric | 0       |
|    add_ln48_18_fu_3014_p2                               | -   |        | add_ln48_18  | add   | fabric | 0       |
|    add_ln49_18_fu_3037_p2                               | -   |        | add_ln49_18  | add   | fabric | 0       |
|    add_ln46_18_fu_3042_p2                               | -   |        | add_ln46_18  | add   | fabric | 0       |
|    add_ln47_19_fu_3065_p2                               | -   |        | add_ln47_19  | add   | fabric | 0       |
|    add_ln48_19_fu_3070_p2                               | -   |        | add_ln48_19  | add   | fabric | 0       |
|    add_ln49_19_fu_3093_p2                               | -   |        | add_ln49_19  | add   | fabric | 0       |
|    add_ln46_19_fu_3098_p2                               | -   |        | add_ln46_19  | add   | fabric | 0       |
|    add_ln47_20_fu_3121_p2                               | -   |        | add_ln47_20  | add   | fabric | 0       |
|    add_ln48_20_fu_3126_p2                               | -   |        | add_ln48_20  | add   | fabric | 0       |
|    add_ln49_20_fu_3149_p2                               | -   |        | add_ln49_20  | add   | fabric | 0       |
|    add_ln46_20_fu_3154_p2                               | -   |        | add_ln46_20  | add   | fabric | 0       |
|    add_ln47_21_fu_3177_p2                               | -   |        | add_ln47_21  | add   | fabric | 0       |
|    add_ln48_21_fu_3182_p2                               | -   |        | add_ln48_21  | add   | fabric | 0       |
|    add_ln49_21_fu_3205_p2                               | -   |        | add_ln49_21  | add   | fabric | 0       |
|    add_ln46_21_fu_3210_p2                               | -   |        | add_ln46_21  | add   | fabric | 0       |
|    add_ln47_22_fu_3233_p2                               | -   |        | add_ln47_22  | add   | fabric | 0       |
|    add_ln48_22_fu_3238_p2                               | -   |        | add_ln48_22  | add   | fabric | 0       |
|    add_ln49_22_fu_3261_p2                               | -   |        | add_ln49_22  | add   | fabric | 0       |
|    add_ln46_22_fu_3266_p2                               | -   |        | add_ln46_22  | add   | fabric | 0       |
|    add_ln47_23_fu_3289_p2                               | -   |        | add_ln47_23  | add   | fabric | 0       |
|    add_ln48_23_fu_3294_p2                               | -   |        | add_ln48_23  | add   | fabric | 0       |
|    add_ln49_23_fu_3317_p2                               | -   |        | add_ln49_23  | add   | fabric | 0       |
|    add_ln46_23_fu_3322_p2                               | -   |        | add_ln46_23  | add   | fabric | 0       |
|    add_ln47_24_fu_3345_p2                               | -   |        | add_ln47_24  | add   | fabric | 0       |
|    add_ln48_24_fu_3350_p2                               | -   |        | add_ln48_24  | add   | fabric | 0       |
|    add_ln49_24_fu_3373_p2                               | -   |        | add_ln49_24  | add   | fabric | 0       |
|    add_ln51_1_fu_3427_p2                                | -   |        | add_ln51_1   | add   | fabric | 0       |
|    dmul_64ns_64ns_64_5_max_dsp_1_U32                    | 8   |        | mul4         | dmul  | maxdsp | 4       |
|    dmul_64ns_64ns_64_5_max_dsp_1_U32                    | 8   |        | mul2_1       | dmul  | maxdsp | 4       |
|    dmul_64ns_64ns_64_5_max_dsp_1_U32                    | 8   |        | mul4_1       | dmul  | maxdsp | 4       |
|    dmul_64ns_64ns_64_5_max_dsp_1_U32                    | 8   |        | mul2_2       | dmul  | maxdsp | 4       |
|    dmul_64ns_64ns_64_5_max_dsp_1_U32                    | 8   |        | mul4_2       | dmul  | maxdsp | 4       |
|    dmul_64ns_64ns_64_5_max_dsp_1_U32                    | 8   |        | mul2_3       | dmul  | maxdsp | 4       |
|    dmul_64ns_64ns_64_5_max_dsp_1_U32                    | 8   |        | mul4_3       | dmul  | maxdsp | 4       |
|    dmul_64ns_64ns_64_5_max_dsp_1_U32                    | 8   |        | mul2_4       | dmul  | maxdsp | 4       |
|    dmul_64ns_64ns_64_5_max_dsp_1_U32                    | 8   |        | mul4_4       | dmul  | maxdsp | 4       |
|    dmul_64ns_64ns_64_5_max_dsp_1_U32                    | 8   |        | mul2_5       | dmul  | maxdsp | 4       |
|    dmul_64ns_64ns_64_5_max_dsp_1_U32                    | 8   |        | mul4_5       | dmul  | maxdsp | 4       |
|    dmul_64ns_64ns_64_5_max_dsp_1_U32                    | 8   |        | mul2_6       | dmul  | maxdsp | 4       |
|    dmul_64ns_64ns_64_5_max_dsp_1_U32                    | 8   |        | mul4_6       | dmul  | maxdsp | 4       |
|    dmul_64ns_64ns_64_5_max_dsp_1_U32                    | 8   |        | mul2_7       | dmul  | maxdsp | 4       |
|    dmul_64ns_64ns_64_5_max_dsp_1_U32                    | 8   |        | mul4_7       | dmul  | maxdsp | 4       |
|    dmul_64ns_64ns_64_5_max_dsp_1_U32                    | 8   |        | mul2_8       | dmul  | maxdsp | 4       |
|    dmul_64ns_64ns_64_5_max_dsp_1_U32                    | 8   |        | mul4_8       | dmul  | maxdsp | 4       |
|    dmul_64ns_64ns_64_5_max_dsp_1_U32                    | 8   |        | mul2_9       | dmul  | maxdsp | 4       |
|    dmul_64ns_64ns_64_5_max_dsp_1_U32                    | 8   |        | mul4_9       | dmul  | maxdsp | 4       |
|    dmul_64ns_64ns_64_5_max_dsp_1_U32                    | 8   |        | mul2_s       | dmul  | maxdsp | 4       |
|    dmul_64ns_64ns_64_5_max_dsp_1_U32                    | 8   |        | mul4_s       | dmul  | maxdsp | 4       |
|    dmul_64ns_64ns_64_5_max_dsp_1_U32                    | 8   |        | mul2_10      | dmul  | maxdsp | 4       |
|    dmul_64ns_64ns_64_5_max_dsp_1_U32                    | 8   |        | mul4_10      | dmul  | maxdsp | 4       |
|    dmul_64ns_64ns_64_5_max_dsp_1_U32                    | 8   |        | mul2_11      | dmul  | maxdsp | 4       |
|    dmul_64ns_64ns_64_5_max_dsp_1_U32                    | 8   |        | mul4_11      | dmul  | maxdsp | 4       |
|    dmul_64ns_64ns_64_5_max_dsp_1_U32                    | 8   |        | mul2_12      | dmul  | maxdsp | 4       |
|    dmul_64ns_64ns_64_5_max_dsp_1_U32                    | 8   |        | mul4_12      | dmul  | maxdsp | 4       |
|    dmul_64ns_64ns_64_5_max_dsp_1_U32                    | 8   |        | mul2_13      | dmul  | maxdsp | 4       |
|    dmul_64ns_64ns_64_5_max_dsp_1_U32                    | 8   |        | mul4_13      | dmul  | maxdsp | 4       |
|    dmul_64ns_64ns_64_5_max_dsp_1_U32                    | 8   |        | mul2_14      | dmul  | maxdsp | 4       |
|    dmul_64ns_64ns_64_5_max_dsp_1_U32                    | 8   |        | mul4_14      | dmul  | maxdsp | 4       |
|    dmul_64ns_64ns_64_5_max_dsp_1_U32                    | 8   |        | mul2_15      | dmul  | maxdsp | 4       |
|    dmul_64ns_64ns_64_5_max_dsp_1_U32                    | 8   |        | mul4_15      | dmul  | maxdsp | 4       |
|    dmul_64ns_64ns_64_5_max_dsp_1_U32                    | 8   |        | mul2_16      | dmul  | maxdsp | 4       |
|    dmul_64ns_64ns_64_5_max_dsp_1_U32                    | 8   |        | mul4_16      | dmul  | maxdsp | 4       |
|    dmul_64ns_64ns_64_5_max_dsp_1_U32                    | 8   |        | mul2_17      | dmul  | maxdsp | 4       |
|    dmul_64ns_64ns_64_5_max_dsp_1_U32                    | 8   |        | mul4_17      | dmul  | maxdsp | 4       |
|    dmul_64ns_64ns_64_5_max_dsp_1_U32                    | 8   |        | mul2_18      | dmul  | maxdsp | 4       |
|    dmul_64ns_64ns_64_5_max_dsp_1_U32                    | 8   |        | mul4_18      | dmul  | maxdsp | 4       |
|    dmul_64ns_64ns_64_5_max_dsp_1_U32                    | 8   |        | mul2_19      | dmul  | maxdsp | 4       |
|    dmul_64ns_64ns_64_5_max_dsp_1_U32                    | 8   |        | mul4_19      | dmul  | maxdsp | 4       |
|    dmul_64ns_64ns_64_5_max_dsp_1_U32                    | 8   |        | mul2_20      | dmul  | maxdsp | 4       |
|    dmul_64ns_64ns_64_5_max_dsp_1_U32                    | 8   |        | mul4_20      | dmul  | maxdsp | 4       |
|    dmul_64ns_64ns_64_5_max_dsp_1_U32                    | 8   |        | mul2_21      | dmul  | maxdsp | 4       |
|    dmul_64ns_64ns_64_5_max_dsp_1_U32                    | 8   |        | mul4_21      | dmul  | maxdsp | 4       |
|    dmul_64ns_64ns_64_5_max_dsp_1_U32                    | 8   |        | mul2_22      | dmul  | maxdsp | 4       |
|    dmul_64ns_64ns_64_5_max_dsp_1_U32                    | 8   |        | mul4_22      | dmul  | maxdsp | 4       |
|    dmul_64ns_64ns_64_5_max_dsp_1_U32                    | 8   |        | mul2_23      | dmul  | maxdsp | 4       |
|    dmul_64ns_64ns_64_5_max_dsp_1_U32                    | 8   |        | mul4_23      | dmul  | maxdsp | 4       |
|    dmul_64ns_64ns_64_5_max_dsp_1_U32                    | 8   |        | mul5_23      | dmul  | maxdsp | 4       |
|    add_ln42_fu_3388_p2                                  | -   |        | add_ln42     | add   | fabric | 0       |
+---------------------------------------------------------+-----+--------+--------------+-------+--------+---------+


================================================================
== Bind Storage Report
================================================================
+--------------------------------------+------+------+--------+--------------+---------+------+---------+
| Name                                 | BRAM | URAM | Pragma | Variable     | Storage | Impl | Latency |
+--------------------------------------+------+------+--------+--------------+---------+------+---------+
| + correlation                        | 4    | 0    |        |              |         |      |         |
|   ddiv_64ns_64ns_64_22_no_dsp_1_U144 | 2    | -    |        | local_mean   | ram_s2p | auto | 1       |
|   local_stddev_U                     | 2    | -    |        | local_stddev | ram_s2p | auto | 1       |
+--------------------------------------+------+------+--------+--------------+---------+------+---------+


================================================================
== Pragma Report
================================================================
  No pragmas found

